// Jest Snapshot v1, https://goo.gl/fbAQLP

exports[`The advertising slot component renders correctly 1`] = `
<div
  class="my-class"
  id="div-gpt-ad-foo"
  style="color: hotpink;"
>
  <h1>
    hello
  </h1>
</div>
`;
